// Jest Snapshot v1, https://goo.gl/fbAQLP

exports[`Home Scene renders properly 1`] = `ShallowWrapper {}`;
